<?xml version="1.0" encoding="UTF-8"?>
<testsuites name="Mocha Tests" time="0.0000" tests="71" failures="2" skipped="69">
  <testsuite name="Root Suite" timestamp="2022-09-14T08:10:24" tests="0" file="cypress\e2e\actividad.feature" time="0.0000" failures="0">
  </testsuite>
  <testsuite name="Actividades Caixa" timestamp="2022-09-14T08:10:24" tests="71" time="0.0000" failures="2">
    <testcase name="Actividades Caixa Acceso a dominio  con acceso público para un usuario anónimo (Pre-Produccion)" time="0.0000" classname="Acceso a dominio  con acceso público para un usuario anónimo (Pre-Produccion)">
      <failure message="`cy.visit()` failed trying to load:

https://pre.educaixa.org/es/web/guest/landing-actividades

We attempted to make an http request to this URL but the request failed without a response.

We received this error at the network level:

  &gt; Error: connect ETIMEDOUT 192.168.27.2:443

Common situations why this would fail:
  - you don&apos;t have internet access
  - you forgot to run / boot your web server
  - your web server isn&apos;t accessible
  - you have weird network configuration settings on your computer" type="CypressError"><![CDATA[CypressError: `cy.visit()` failed trying to load:

https://pre.educaixa.org/es/web/guest/landing-actividades

We attempted to make an http request to this URL but the request failed without a response.

We received this error at the network level:

  > Error: connect ETIMEDOUT 192.168.27.2:443

Common situations why this would fail:
  - you don't have internet access
  - you forgot to run / boot your web server
  - your web server isn't accessible
  - you have weird network configuration settings on your computer
    at http://localhost:51773/__cypress/runner/cypress_runner.js:156641:82
    at visitFailedByErr (http://localhost:51773/__cypress/runner/cypress_runner.js:155945:12)
    at http://localhost:51773/__cypress/runner/cypress_runner.js:156640:11
    at tryCatcher (http://localhost:51773/__cypress/runner/cypress_runner.js:13012:23)
    at Promise._settlePromiseFromHandler (http://localhost:51773/__cypress/runner/cypress_runner.js:10947:31)
    at Promise._settlePromise (http://localhost:51773/__cypress/runner/cypress_runner.js:11004:18)
    at Promise._settlePromise0 (http://localhost:51773/__cypress/runner/cypress_runner.js:11049:10)
    at Promise._settlePromises (http://localhost:51773/__cypress/runner/cypress_runner.js:11125:18)
    at _drainQueueStep (http://localhost:51773/__cypress/runner/cypress_runner.js:7719:12)
    at _drainQueue (http://localhost:51773/__cypress/runner/cypress_runner.js:7712:9)
    at Async.../../node_modules/bluebird/js/release/async.js.Async._drainQueues (http://localhost:51773/__cypress/runner/cypress_runner.js:7728:5)
    at Async.drainQueues (http://localhost:51773/__cypress/runner/cypress_runner.js:7598:14)
From Your Spec Code:
    at activityPage.visitPageActivity (http://localhost:51773/__cypress/tests?p=cypress\e2e\actividad.feature:125:8)
    at Context.eval (http://localhost:51773/__cypress/tests?p=cypress\e2e\actividad.feature:361:73)
    at Registry.runStepDefininition (http://localhost:51773/__cypress/tests?p=cypress\e2e\actividad.feature:1727:46)
    at Context.eval (http://localhost:51773/__cypress/tests?p=cypress\e2e\actividad.feature:1235:49)

From Node.js Internals:
  Error: connect ETIMEDOUT 192.168.27.2:443
      at TCPConnectWrap.afterConnect [as oncomplete] (node:net:1161:16)
  ]]></failure>
    </testcase>
    <testcase name="Actividades Caixa Acceso a dominio  con acceso público para un usuario anónimo (Produccion)" time="0.0000" classname="Acceso a dominio  con acceso público para un usuario anónimo (Produccion)">
      <failure message="`cy.visit()` failed trying to load:

https://www.educaixa.org/es/home

We attempted to make an http request to this URL but the request failed without a response.

We received this error at the network level:

  &gt; Error: connect ETIMEDOUT 192.168.27.10:443

Common situations why this would fail:
  - you don&apos;t have internet access
  - you forgot to run / boot your web server
  - your web server isn&apos;t accessible
  - you have weird network configuration settings on your computer" type="CypressError"><![CDATA[CypressError: `cy.visit()` failed trying to load:

https://www.educaixa.org/es/home

We attempted to make an http request to this URL but the request failed without a response.

We received this error at the network level:

  > Error: connect ETIMEDOUT 192.168.27.10:443

Common situations why this would fail:
  - you don't have internet access
  - you forgot to run / boot your web server
  - your web server isn't accessible
  - you have weird network configuration settings on your computer
    at http://localhost:51773/__cypress/runner/cypress_runner.js:156641:82
    at visitFailedByErr (http://localhost:51773/__cypress/runner/cypress_runner.js:155945:12)
    at http://localhost:51773/__cypress/runner/cypress_runner.js:156640:11
    at tryCatcher (http://localhost:51773/__cypress/runner/cypress_runner.js:13012:23)
    at Promise._settlePromiseFromHandler (http://localhost:51773/__cypress/runner/cypress_runner.js:10947:31)
    at Promise._settlePromise (http://localhost:51773/__cypress/runner/cypress_runner.js:11004:18)
    at Promise._settlePromise0 (http://localhost:51773/__cypress/runner/cypress_runner.js:11049:10)
    at Promise._settlePromises (http://localhost:51773/__cypress/runner/cypress_runner.js:11125:18)
    at _drainQueueStep (http://localhost:51773/__cypress/runner/cypress_runner.js:7719:12)
    at _drainQueue (http://localhost:51773/__cypress/runner/cypress_runner.js:7712:9)
    at Async.../../node_modules/bluebird/js/release/async.js.Async._drainQueues (http://localhost:51773/__cypress/runner/cypress_runner.js:7728:5)
    at Async.drainQueues (http://localhost:51773/__cypress/runner/cypress_runner.js:7598:14)
From Your Spec Code:
    at Context.eval (http://localhost:51773/__cypress/tests?p=cypress\e2e\actividad.feature:371:6)
    at Registry.runStepDefininition (http://localhost:51773/__cypress/tests?p=cypress\e2e\actividad.feature:1727:46)
    at Context.eval (http://localhost:51773/__cypress/tests?p=cypress\e2e\actividad.feature:1235:49)

From Node.js Internals:
  Error: connect ETIMEDOUT 192.168.27.10:443
      at TCPConnectWrap.afterConnect [as oncomplete] (node:net:1161:16)
  ]]></failure>
    </testcase>
  </testsuite>
</testsuites>